{
  "bounds": {
    "sinCos": {
      "cases": 10000,
      "components": 20000,
      "maximumUnits112": 132.86632625815298
    },
    "atan": {
      "cases": 10000,
      "maximumUnits112": 324.06116068244154
    },
    "numberAtan": {
      "cases": 10000,
      "maximumUnits112": 379.3990659112421,
      "quadrants": [
        2500,
        2500,
        2500,
        2500
      ]
    }
  },
  "sinCosOutputs": 60000,
  "atanOutputs": 30000,
  "numberAtanOutputs": 60000,
  "numericEntryOutputs": 30000,
  "atanGuardFallbackOutputs": 444,
  "numericFallbackOutputs": 216,
  "numberTrigOutputs": 13272,
  "certificates": 27582,
  "conversions": 12000
}
