{
  "cases": 20000,
  "images": 80000,
  "otherPrecisionImages": 1024,
  "nativeImages": 186,
  "accepted": 19996,
  "declined": 4,
  "benchmark": {
    "callsPerSample": 20000,
    "samples": [
      {
        "current": 7.796349000000021,
        "baseline": 14.116262000000006
      },
      {
        "current": 2.589065000000005,
        "baseline": 13.011408000000017
      },
      {
        "current": 3.232557999999983,
        "baseline": 15.575224999999989
      },
      {
        "current": 1.6912810000000036,
        "baseline": 12.786423000000013
      },
      {
        "current": 1.6268489999999929,
        "baseline": 12.762468000000013
      },
      {
        "current": 2.187327000000039,
        "baseline": 14.365152000000023
      },
      {
        "current": 1.7697790000000282,
        "baseline": 13.801987999999994
      }
    ],
    "currentMedian": 2.187327000000039,
    "baselineMedian": 13.801987999999994,
    "speedup": 6.3099792577880445,
    "scope": "Isolated leaf method; no browser FPS inference."
  }
}
