{
  "constructors": 18000,
  "intervals": 18000,
  "integerLoads": 9000,
  "atanBounds": {
    "80": {
      "candidates": 8388,
      "maximumUnits": 3.8450508712159666
    },
    "112": {
      "candidates": 8388,
      "maximumUnits": 7.481703817282234
    }
  },
  "trigBounds": {
    "80": {
      "components": 4400,
      "maximumUnits": 1.99788457383932
    },
    "112": {
      "components": 4400,
      "maximumUnits": 3.5949110952489898
    }
  },
  "atanOutputs": 21600,
  "trigOutputs": 13200
}
