✔ chart windows fail closed on changed CFG, observers and formal storage (1959.559666ms)
✔ certified and declined complete chart windows preserve low-word landmark labels and GDI (68.294057ms)
✔ unknown floating scale fails after the same original projection stores (5.493433ms)
✔ wide first-reference coordinates preserve full-I64 division in the venue102 branch (8.758977ms)
✔ last-loop certificate state preserves the later low-word label expression after mixed fallbacks (29.125821ms)
✔ only unchanged ordinary memory in the reviewed nearest53 context is accepted (1.958852ms)
✔ Proxy and duck-memory rejection precede all host traps and getters (0.480245ms)
✔ replacement fields and SharedArrayBuffer-backed views conservatively decline (0.551158ms)
✔ method/prototype changes and detached views decline without invoking replacements (0.699378ms)
✔ constructor snapshots introduce no extra subclass field getters (1.397924ms)
✔ a constructor-original shared view declines even when all recorded identities match (1.560551ms)
✔ the actual integrated case208 copies all certified outputs before advancing to171 (13.449466ms)
✔ unsupported operands and late invalid constants preserve original partial stores and failures (27.610134ms)
✔ custom methods, Proxy access and throwing getters preserve memory-read and error ordering (1.698972ms)
✔ the certified water kernel reproduces the pinned expression tree and declines future source changes (1961.100095ms)
✔ all accepted random and signed-zero cases match the actual129-operation source exactly (17.201448ms)
✔ underflow, overflow, unknown inputs and precision changes reject without changing prior outputs (1.466594ms)
✔ custom-memory fallback is selected before any speculative read or Proxy observation (0.257896ms)
✔ an externally detached scratch causes a safe decline (0.289345ms)
ℹ tests 19
ℹ suites 0
ℹ pass 19
ℹ fail 0
ℹ cancelled 0
ℹ skipped 0
ℹ todo 0
ℹ duration_ms 4375.008326
