✔ signedDegrees: preserved English routine, packed ABI and startup precision authority (3.922232ms)
✔ signedDegrees: exact whole mutable state, extended returns, integer registers and RNG (832.709204ms)
✔ updateTack: preserved English routine, packed ABI and startup precision authority (3.420295ms)
✔ updateTack: exact whole mutable state, extended returns, integer registers and RNG (877.330341ms)
✔ setClosehauledHeading: preserved English routine, packed ABI and startup precision authority (3.193137ms)
✔ setClosehauledHeading: exact whole mutable state, extended returns, integer registers and RNG (1085.320802ms)
✔ signedStartDistance: preserved English routine, packed ABI and startup precision authority (3.315277ms)
✔ signedStartDistance: exact whole mutable state, extended returns, integer registers and RNG (417.052758ms)
✔ relativeProjection: preserved English routine, packed ABI and startup precision authority (3.3799ms)
✔ relativeProjection: exact whole mutable state, extended returns, integer registers and RNG (942.03414ms)
✔ targetRelativeBearing: preserved English routine, packed ABI and startup precision authority (3.07341ms)
✔ targetRelativeBearing: exact whole mutable state, extended returns, integer registers and RNG (1346.796909ms)
✔ aheadAstern: preserved English routine, packed ABI and startup precision authority (3.376553ms)
✔ aheadAstern: exact whole mutable state, extended returns, integer registers and RNG (735.266383ms)
✔ complete static AI is generated from the exact corrected English C bodies (11.087116ms)
✔ updateBoatWindAndAI: unchanged original instructions, explicit initialized inputs and startup precision (3.999559ms)
✔ updateBoatWindAndAI: whole mutable bytes, actual return, retained RNG and ordered original sounds (3576.58519ms)
✔ chooseDownwindHeading: unchanged original instructions, explicit initialized inputs and startup precision (3.741292ms)
✔ chooseDownwindHeading: whole mutable bytes, actual return, retained RNG and ordered original sounds (1905.546661ms)
✔ scoreDownwindTurn: unchanged original instructions, explicit initialized inputs and startup precision (3.265352ms)
✔ scoreDownwindTurn: whole mutable bytes, actual return, retained RNG and ordered original sounds (1486.647485ms)
✔ sampleSpatialWind: unchanged original instructions, explicit initialized inputs and startup precision (3.213766ms)
✔ sampleSpatialWind: whole mutable bytes, actual return, retained RNG and ordered original sounds (3081.36575ms)
✔ updateUpwindTactics: unchanged original instructions, explicit initialized inputs and startup precision (3.369209ms)
✔ updateUpwindTactics: whole mutable bytes, actual return, retained RNG and ordered original sounds (1315.581065ms)
✔ updateCollisionAvoidance: unchanged original instructions, explicit initialized inputs and startup precision (3.122403ms)
✔ updateCollisionAvoidance: whole mutable bytes, actual return, retained RNG and ordered original sounds (632.637642ms)
✔ avoidAiCollision: unchanged original instructions, explicit initialized inputs and startup precision (3.301852ms)
✔ avoidAiCollision: whole mutable bytes, actual return, retained RNG and ordered original sounds (488.801207ms)
✔ warnHumanRightOfWay: unchanged original instructions, explicit initialized inputs and startup precision (3.277997ms)
✔ warnHumanRightOfWay: whole mutable bytes, actual return, retained RNG and ordered original sounds (454.893901ms)
✔ requestRightOfWaySound: unchanged original instructions, explicit initialized inputs and startup precision (3.156527ms)
✔ requestRightOfWaySound: whole mutable bytes, actual return, retained RNG and ordered original sounds (485.769274ms)
✔ sampleVenueWind: unchanged original instructions, explicit initialized inputs and startup precision (3.349541ms)
✔ sampleVenueWind: whole mutable bytes, actual return, retained RNG and ordered original sounds (3394.625784ms)
ℹ tests 35
ℹ suites 0
ℹ pass 35
ℹ fail 0
ℹ cancelled 0
ℹ skipped 0
ℹ todo 0
ℹ duration_ms 21443.852436
