
> tact-preservation@0.0.1 test
> node tools/test-all.js

✔ scoreDownwindTurn preserves every original image byte, RNG and integer result (5984.213985ms)
✔ chooseDownwindHeading preserves every original image byte, RNG and integer result (5756.34444ms)
✔ angle fixtures identify the original binary, x87 mode, and boundary inputs (3.322617ms)
✔ all radian outputs match the exact binary64 return bits of original instructions (8.489424ms)
✔ all signed integer vector bearings match execution of original FPATAN instructions (21.60997ms)
✔ wind and trigonometric fixtures identify the original binary and x87 setup (3.379364ms)
✔ all apparent-wind fields and exact returned binary64 bits match original instructions (164.174846ms)
✔ native zero-vector and angle-361 cases preserve their early-return direction (3.087022ms)
✔ apparent-wind calculation only changes its selected boat output fields (3.911732ms)
✔ complete original constructor: archive order, sanitization, RNG, graphics and state (64,0x037f) (207.226288ms)
✔ complete original constructor: archive order, sanitization, RNG, graphics and state (64,0x027f) (91.734993ms)
✔ avoidance fixtures identify unchanged original code and complete mutable-state contracts (3.41422ms)
✔ updateCollisionAvoidance matches complete original state, original store ranges, RNG and ordered sounds (1087 calls) (10359.621641ms)
✔ avoidAiCollision matches complete original state, original store ranges, RNG and ordered sounds (2120 calls) (14193.420943ms)
✔ warnHumanRightOfWay matches complete original state, original store ranges, RNG and ordered sounds (2120 calls) (15084.907865ms)
✔ requestRightOfWaySound matches complete original state, original store ranges, RNG and ordered sounds (360 calls) (829.793261ms)
✔ avoidance captures retain steering, overlap, scan and sound timing boundaries (2.285744ms)
✔ avoidance fixture bytes have exact unchanged-original native authority (203.719566ms)
✔ boat panel drawing fixtures identify unchanged original code and complete mutable-state contracts (3.692467ms)
✔ drawHullOutline matches complete original drawing order, complete state, store ranges and RNG (320 calls) (2301.957655ms)
✔ drawBoardSurfaces matches complete original drawing order, complete state, store ranges and RNG (320 calls) (3240.252176ms)
✔ drawSailRigging matches complete original drawing order, complete state, store ranges and RNG (320 calls) (2453.837715ms)
✔ drawMainsail matches complete original drawing order, complete state, store ranges and RNG (320 calls) (2901.263619ms)
✔ boat-details fixture bytes have exact unchanged-original native authority (1307.923148ms)
✔ boat dynamics references cover the complete original routine and measured native corrections (39.608537ms)
✔ complete 0x428c60 matches all mapped image bytes, store ranges, RNG and ordered sounds in 4,098 native calls (38201.498261ms)
✔ boat fixture hashes, original addresses, and selector coverage are confirmed (3.021427ms)
✔ every boat option field, exact time-factor bits, and residual EAX match original instructions (41.498334ms)
✔ all 38 captured length factors match native stored bits and actual initialization (3.709639ms)
✔ class 7 retains its rig and course state and option initialization has no other memory writes (8.087944ms)
✔ boat panel drawing fixtures identify unchanged original code and complete mutable-state contracts (4.574165ms)
✔ drawEllipseMarker matches complete original drawing order, complete state, store ranges and RNG (160 calls) (2006.418444ms)
✔ drawHullPortSide matches complete original drawing order, complete state, store ranges and RNG (160 calls) (1690.499317ms)
✔ drawHullStarboardSide matches complete original drawing order, complete state, store ranges and RNG (160 calls) (1307.998363ms)
✔ drawHullStern matches complete original drawing order, complete state, store ranges and RNG (160 calls) (866.382842ms)
✔ drawWakeSegment matches complete original drawing order, complete state, store ranges and RNG (160 calls) (1487.477942ms)
✔ drawStarboardInnerPanel matches complete original drawing order, complete state, store ranges and RNG (160 calls) (1271.468593ms)
✔ drawStarboardOuterPanel matches complete original drawing order, complete state, store ranges and RNG (160 calls) (994.024692ms)
✔ drawPortInnerPanel matches complete original drawing order, complete state, store ranges and RNG (160 calls) (1142.819325ms)
✔ drawPortOuterPanel matches complete original drawing order, complete state, store ranges and RNG (160 calls) (939.209274ms)
✔ drawCatamaranCrossbar matches complete original drawing order, complete state, store ranges and RNG (160 calls) (862.040004ms)
✔ drawWakeBurst matches complete original drawing order, complete state, store ranges and RNG (160 calls) (934.55585ms)
✔ drawSideSpray matches complete original drawing order, complete state, store ranges and RNG (160 calls) (706.030795ms)
✔ drawRudder matches complete original drawing order, complete state, store ranges and RNG (160 calls) (661.669828ms)
✔ drawCatamaranRudders matches complete original drawing order, complete state, store ranges and RNG (160 calls) (834.729081ms)
✔ drawSteeringArc matches complete original drawing order, complete state, store ranges and RNG (160 calls) (926.203457ms)
✔ drawTelltale matches complete original drawing order, complete state, store ranges and RNG (160 calls) (1009.884703ms)
✔ boat-panels fixture bytes have exact unchanged-original native authority (1304.006245ms)
✔ complete boat renderer fixtures identify unchanged original code and complete mutable-state contracts (23.981988ms)
✔ drawBoat matches complete original drawing order, complete state, store ranges and RNG (1440 calls) (30810.653623ms)
✔ boat renderer fixture bytes have exact unchanged-original native authority (1982.2512ms)
✔ mast and balance drawing fixtures identify unchanged original code and complete mutable-state contracts (4.327489ms)
✔ drawBalancePanels matches complete original drawing order, complete state, store ranges and RNG (800 calls) (7550.178974ms)
✔ drawMastRigging matches complete original drawing order, complete state, store ranges and RNG (800 calls) (5967.799644ms)
✔ boat-rigging fixture bytes have exact unchanged-original native authority (828.461093ms)
✔ boat sway fixtures identify unchanged original code and complete mutable-state contracts (2.560525ms)
✔ updateBoatSway matches complete original state, store ranges and RNG (1536 calls) (8352.968201ms)
✔ boat-sway fixture bytes have exact unchanged-original native authority (132.051199ms)
✔ connected encounter fixtures identify unchanged original code and complete mutable-state contracts (3.394693ms)
✔ collisionPenalty matches complete original state, original store ranges, RNG and ordered sounds (978 calls) (8149.12091ms)
✔ updateMarkStartPenalties matches complete original state, original store ranges, RNG and ordered sounds (1384 calls) (8428.251518ms)
✔ updateInterference matches complete original state, original store ranges, RNG and ordered sounds (4352 calls) (23390.395395ms)
✔ complete precision53 frame references have strict unchanged-original native authority for these exact bytes (1499.98152ms)
✔ complete-frame evidence keeps measured application precision separate from isolated precision64 captures (6.321762ms)
✔ complete original404020 frame: all mutable bytes, RNG, ordered drawing, sounds, HUD and explicit OS inputs (32379.84731ms)
✔ targetRelativeBearing: original complete state, RNG, sounds and declared return (2289 cases) (8243.260961ms)
✔ saveRaceState: original complete state, RNG, sounds and declared return (48 cases) (477.534005ms)
✔ restoreRaceState: original complete state, RNG, sounds and declared return (48 cases) (335.046679ms)
✔ updateBoatWindAndAI: original complete state, RNG, sounds and declared return (360 cases) (2544.292526ms)
✔ nearCourseMark: original complete state, RNG, sounds and declared return (512 cases) (1630.256444ms)
✔ updatePlayer1Camera: original complete state, RNG, sounds and declared return (512 cases) (1502.194243ms)
✔ updatePlayer2Camera: original complete state, RNG, sounds and declared return (512 cases) (1518.88046ms)
✔ projectedSize: original complete state, RNG, sounds and declared return (512 cases) (1526.776797ms)
✔ cameraRelativeBearing: original complete state, RNG, sounds and declared return (512 cases) (1233.859628ms)
✔ projectDistantPoint: original complete state, RNG, sounds and declared return (512 cases) (1431.284319ms)
✔ projectScenePoint: original complete state, RNG, sounds and declared return (512 cases) (1842.598748ms)
✔ boat panel drawing fixtures identify unchanged original code and complete mutable-state contracts (3.169226ms)
✔ drawCrew matches complete original drawing order, complete state, store ranges and RNG (640 calls) (4641.8472ms)
✔ crew-drawing fixture bytes have exact unchanged-original native authority (617.95202ms)
✔ crew references identify original code, initialized selectors and complete state scope (3.663332ms)
✔ crewPositionFactor: exact complete image, stores and extended return (5 cases) (66.901413ms)
✔ writeCrewGeometry: exact complete image, stores and extended return (400 cases) (2339.127229ms)
✔ initializeCrewGeometry: exact complete image, stores and extended return (320 cases) (2454.440322ms)
✔ uninitialized original crew factor selectors are rejected explicitly (3.706553ms)
✔ current fixtures identify original instructions, every address, and synthetic geometry (7.668481ms)
✔ all 73 supported current phase sines match authoritative hardware m80 captures (0.984633ms)
✔ 2510 complete current samplings match all native state fields, cache bits, and EAX (818.480106ms)
✔ shorelineMetric: all 256 native helper states and exact returns match (20.251671ms)
✔ ellipticalMetric: all 256 native helper states and exact returns match (27.961128ms)
✔ radialMetric: all 256 native helper states and exact returns match (37.800897ms)
✔ shoreDirections: all 256 native helper states and exact returns match (14.890666ms)
✔ attenuationDistance: all 256 native helper states and exact returns match (133.213589ms)
✔ current and helper calls only write their original globals and indexed boat fields (167.232189ms)
✔ uncaptured current FSIN phases throw instead of silently reducing or approximating (43.564594ms)
✔ encounter leaf references identify original code, typed memory and supported input scope (14.271064ms)
✔ complete resetBoat matches 848 original returns, state, stores, RNG and sounds (4683.236139ms)
✔ complete relativeProjection matches 1007 original returns, state, stores, RNG and sounds (5073.55074ms)
✔ complete aheadAstern matches 627 original returns, state, stores, RNG and sounds (2539.396296ms)
✔ complete respawnNearStart matches 524 original returns, state, stores, RNG and sounds (1609.488604ms)
✔ complete shiftPenaltyPosition matches 1988 original returns, state, stores, RNG and sounds (5488.404558ms)
✔ complete checkNearRaceMarks matches 3721 original returns, state, stores, RNG and sounds (11287.494413ms)
✔ complete signedStartDistance matches 400 original returns, state, stores, RNG and sounds (1692.450677ms)
✔ shared native trigonometry preserves all hardware result bits and explicit domain limits (145.492253ms)
✔ stored and fractional angle references preserve separate native input construction (107.487233ms)
✔ x87 fixtures identify source, precision64 rounding mode and native probes (21.349517ms)
✔ all captured native boat factors match extended division then sqrt and binary64 store (22.913838ms)
✔ every finite arithmetic result matches native m80 and binary64 stored bits (191.220869ms)
✔ every native CRT __ftol truncation matches signed64 and low signed32 (8.361181ms)
✔ binary64 loading is exact for signedzero, subnormals and boundary values (5.405518ms)
✔ canonical m80 loading and byte copies retain finite values and signs (2.211414ms)
✔ signedzero, exact cancellation, ordering and underflow are preserved (4.04271ms)
✔ unsupported nonfinite encodings, exceptions and invalid conversions throw (8.952209ms)
✔ selectBoatColor: original ordered drawing commands, complete state and RNG (128 cases) (445.367268ms)
✔ drawCatamaranPanels: original ordered drawing commands, complete state and RNG (128 cases) (490.802571ms)
✔ drawInteriorPanel: original ordered drawing commands, complete state and RNG (128 cases) (345.889725ms)
✔ selectSailColor: original ordered drawing commands, complete state and RNG (128 cases) (509.179739ms)
✔ drawWakePoint: original ordered drawing commands, complete state and RNG (128 cases) (546.791228ms)
✔ drawSailCurve: original ordered drawing commands, complete state and RNG (128 cases) (363.567248ms)
✔ selectHeadingColor: original ordered drawing commands, complete state and RNG (128 cases) (708.848111ms)
✔ drawHeadingIndicator: original ordered drawing commands, complete state and RNG (128 cases) (322.92162ms)
✔ drawCircle: original ordered drawing commands, complete state and RNG (128 cases) (873.935063ms)
✔ drawCourseMark: original ordered drawing commands, complete state and RNG (128 cases) (388.281698ms)
✔ drawChartBoat: original ordered drawing commands, complete state and RNG (448 cases) (1990.799085ms)
✔ drawChartCatamaran: original ordered drawing commands, complete state and RNG (128 cases) (350.684405ms)
✔ displacePoint: original ordered drawing commands, complete state and RNG (512 cases) (2133.400185ms)
✔ drawChartWindPatch: original ordered drawing commands, complete state and RNG (512 cases) (2194.334111ms)
✔ drawLaylines: original ordered drawing commands, complete state and RNG (1024 cases) (6109.365746ms)
✔ drawChartObjects: original ordered drawing commands, complete state and RNG (240 cases) (1799.693755ms)
✔ drawRiverShore: original ordered drawing commands, complete state and RNG (128 cases) (516.596753ms)
✔ drawAlternateShore: original ordered drawing commands, complete state and RNG (128 cases) (518.550397ms)
✔ drawSplitShore: original ordered drawing commands, complete state and RNG (128 cases) (817.633464ms)
✔ drawAdvancedShore: original ordered drawing commands, complete state and RNG (64 cases) (358.711259ms)
✔ drawBasicChartTerrain: original ordered drawing commands, complete state and RNG (64 cases) (917.333472ms)
✔ drawAdvancedChartTerrain: original ordered drawing commands, complete state and RNG (48 cases) (2053.720758ms)
✔ drawArrowSegment: original ordered drawing commands, complete state and RNG (128 cases) (496.649439ms)
✔ drawArrow: original ordered drawing commands, complete state and RNG (128 cases) (394.979899ms)
✔ drawChartMarkLabel: original ordered drawing commands, complete state and RNG (160 cases) (553.879452ms)
✔ drawChartObjects: original ordered drawing commands, complete state and RNG (240 cases) (888.553434ms)
✔ drawChart: original ordered drawing commands, complete state and RNG (160 cases) (2996.106864ms)
✔ drawWindChartOverlay: original ordered drawing commands, complete state and RNG (128 cases) (222.785147ms)
✔ drawCourseChartOverlay: original ordered drawing commands, complete state and RNG (128 cases) (203.264979ms)
✔ drawTideChartOverlay: original ordered drawing commands, complete state and RNG (128 cases) (277.32974ms)
✔ drawSky: original ordered drawing commands, complete state and RNG (512 cases) (684.616136ms)
✔ drawRippleSegment: original ordered drawing commands, complete state and RNG (256 cases) (298.102876ms)
✔ drawWaterRipples: original ordered drawing commands, complete state and RNG (384 cases) (468.298501ms)
✔ drawLargeWaves: original ordered drawing commands, complete state and RNG (384 cases) (581.972712ms)
✔ drawSceneWindPatch: original ordered drawing commands, complete state and RNG (512 cases) (602.420961ms)
✔ boat panel drawing fixtures identify unchanged original code and complete mutable-state contracts (20.701951ms)
✔ drawJib matches complete original drawing order, complete state, store ranges and RNG (320 calls) (3549.99681ms)
✔ drawSpinnaker matches complete original drawing order, complete state, store ranges and RNG (320 calls) (2548.040187ms)
✔ headsails fixture bytes have exact unchanged-original native authority (621.654497ms)
✔ HUD helper references retain source, signed boundaries and original text quirks (6.016163ms)
✔ signed angle and integer text match all unchanged original helper calls (7.019071ms)
✔ decimal text preserves binary64 input and unspilled x87 decimal truncation (52.047973ms)
✔ all HUD progress and numeric text fixture bytes have strict original native authority (6184.908813ms)
✔ updateDisplayedLeg matches all original complete mutable-state records (1346.429956ms)
✔ displayedTargetMark matches all original complete mutable-state records (1653.925686ms)
✔ HUD original evidence declares its host-pointer normalization explicitly (17.157143ms)
✔ all HUD fixture bytes have strict unchanged-original native authority (3701.555236ms)
✔ drawPlayer1Controls: all original mutable fields, text, clipping and ordered GDI requests (1994.95405ms)
✔ drawPlayer2Controls: all original mutable fields, text, clipping and ordered GDI requests (1738.096044ms)
✔ drawSteeringPanel: all original mutable fields, text, clipping and ordered GDI requests (1809.931077ms)
✔ drawSecondPlayerControls: all original mutable fields, text, clipping and ordered GDI requests (1908.303631ms)
✔ drawTacticalPanel: all original mutable fields, text, clipping and ordered GDI requests (1590.78055ms)
✔ drawCompactHud: all original mutable fields, text, clipping and ordered GDI requests (1777.210609ms)
✔ drawSailingHud: all original mutable fields, text, clipping and ordered GDI requests (2025.99494ms)
✔ race initialization references identify unchanged original instructions and bounded state inputs (9.47109ms)
✔ initializeCurvedHull: complete original mutable image, RNG, ordered sounds (56 cases) (283.749947ms)
✔ initializeFlatHull: complete original mutable image, RNG, ordered sounds (56 cases) (238.766464ms)
✔ initializeWind: complete original mutable image, RNG, ordered sounds (64 cases) (373.752938ms)
✔ initializeTide: complete original mutable image, RNG, ordered sounds (64 cases) (404.211914ms)
✔ initializeWindSources: complete original mutable image, RNG, ordered sounds (64 cases) (293.327093ms)
✔ respawnWindPatch: complete original mutable image, RNG, ordered sounds (36 cases) (183.426244ms)
✔ initializeShoreline: complete original mutable image, RNG, ordered sounds (32 cases) (377.783147ms)
✔ initializeEllipse: complete original mutable image, RNG, ordered sounds (64 cases) (465.993415ms)
✔ initializeAdvancedTerrain: complete original mutable image, RNG, ordered sounds (30 cases) (1029.801331ms)
✔ initializeCourseConfiguration: complete original mutable image, RNG, ordered sounds (69 cases) (498.079485ms)
✔ initializeCourse: complete original mutable image, RNG, ordered sounds, EAX (36 cases) (146.058698ms)
✔ initializeBoats: complete original mutable image, RNG, ordered sounds (36 cases) (262.345576ms)
✔ placeStartingBoats: complete original mutable image, RNG, ordered sounds (36 cases) (149.411121ms)
✔ initializeRace: complete original mutable image, RNG, ordered sounds (69 cases) (804.658272ms)
✔ integratePositions: complete original mutable image, RNG, ordered sounds, EAX (36 cases) (368.65853ms)
✔ recordTrails: complete original mutable image, RNG, ordered sounds, EAX (36 cases) (150.949558ms)
✔ advanceRaceTarget: complete original mutable image, RNG, ordered sounds (36 cases) (117.46763ms)
✔ projectPoint: complete original mutable image, RNG, ordered sounds (96 cases) (297.544167ms)
✔ machine-code fixtures identify the exact original executable (5.481352ms)
✔ all angle cases match execution of original x86 instructions (7.556888ms)
✔ all speed-global outputs and return registers match original instructions (3.955194ms)
✔ every RNG output and intermediate seed match chained original executions (5.452466ms)
✔ scaled random outputs and resulting seeds match original instructions (2.117606ms)
✔ single-step angle adjustment preserves out-of-range behavior (0.547917ms)
✔ speed update writes the original global and retains it for invalid levels (53.816014ms)
✔ each RNG instance retains an independent original thread seed (0.801346ms)
✔ scaled random consumes one seed step including clamped and negative inputs (2.881712ms)
✔ original keyboard references preserve source, host-stub scope and all 256 virtual keys (90.986102ms)
✔ keyboard matches all 1382 original whole-state changes and ordered host requests (4592.390969ms)
✔ menu references cover the full recovered menu map and preserve the original source (4.706405ms)
✔ all original menu command handlers preserve exact state and ordered host requests (5535.421083ms)
✔ all original menu update handlers preserve exact state and ordered host requests (8083.552105ms)
✔ modal menu operations expose the original resource ID and preserve state ordering (9.750838ms)
✔ asynchronous browser dialogs defer the original tail until modal completion (1.608784ms)
✔ handleLeftButtonDown: original full state and ordered invalidations/default calls (360) (557.87025ms)
✔ handleRightButtonDown: original full state and ordered invalidations/default calls (360) (205.895494ms)
✔ handleMouseMove: original full state and ordered invalidations/default calls (360) (374.047103ms)
✔ movement fixtures identify unchanged original instructions, typed globals and finite scope (4.769003ms)
✔ all captured distances match exact original ST0, binary64 store and unchanged image (1187.429361ms)
✔ all captured prestart percentages match original EAX, RNG state and unchanged image (1357.883808ms)
✔ reference coverage includes delayed starts, RNG despite interference, unclamped negatives and precision boundaries (3.323778ms)
✔ retained native chains use genuine normalized courses, actual startup precision and unchanged original instructions (509.877694ms)
✔ coastal-prestart: fresh original initialization then100 retained native frames, every game byte/RNG/drawing/sound/HUD/timer (11362.353007ms)
✔ offshore-two-players: fresh original initialization then100 retained native frames, every game byte/RNG/drawing/sound/HUD/timer (9853.817505ms)
✔ advanced-harbor-race: fresh original initialization then100 retained native frames, every game byte/RNG/drawing/sound/HUD/timer (7006.096717ms)
✔ new native datasets identify unchanged probe sources and original constants (21.508334ms)
✔ 66-bit-pi reduction matches all captured continuous binary64 sin/cos stores (212.464147ms)
✔ stored angle captures preserve the separate binary64 spill path (170.65349ms)
✔ mathematical atan agrees with every captured binary64 FPATAN store (78.975253ms)
✔ browser data-only image preserves every original constant and initial state byte (59.472192ms)
✔ paint caller evidence declares independent child and host bindings (3.73691ms)
✔ paintLifecycle: original screen branches, layout, state, host request order and delay (1042.55943ms)
✔ drawSimulationFrame: original screen branches, layout, state, host request order and delay (656.128245ms)
✔ 24/53/64-bit x87 arithmetic matches independent native instruction results (206.038928ms)
✔ FPATAN small-ratio results retain native m80 precision under PC24/53/64 (108) (19.295838ms)
✔ compressed evidence restores byte-identical canonical files and verifies existing files without requiring inflation (82.00793ms)
✔ workbench profile restores only its declared canonical data (43.507988ms)
✔ a mismatched existing canonical file is preserved instead of replaced (11.963856ms)
✔ invalid missing evidence leaves no canonical or temporary file (22.070608ms)
✔ invalid corrupt evidence leaves no canonical or temporary file (21.031452ms)
✔ invalid compressedHash evidence leaves no canonical or temporary file (50.374258ms)
✔ invalid expandedHash evidence leaves no canonical or temporary file (15.717067ms)
✔ invalid expandedCount evidence leaves no canonical or temporary file (13.351822ms)
✔ manifest paths cannot escape the declared archive/output directories (20.831914ms)
✔ restoration rejects symlink output parents instead of writing outside the clone (14.94161ms)
✔ concurrent restoration publishes one complete canonical file without overwriting (51.12566ms)
✔ original PE preferred addresses and virtual data extent match the executable (8.146022ms)
✔ all section bytes map exactly and uninitialized .data bytes are zero (17.978295ms)
✔ loader supports a byte view with an offset and rejects truncated inputs (9.751169ms)
✔ memory reads and writes are little-endian, unaligned, and alias correctly (0.77162ms)
✔ integer conversions preserve exact two's-complement wrapping (0.557344ms)
✔ C integer quotient truncates toward zero and signed remainder follows dividend (0.678634ms)
✔ binary32 stores round once at storage; binary64 and signed zero preserve bits (0.529242ms)
✔ sail geometry fixtures identify unchanged original code and complete mutable-state contracts (7.048326ms)
✔ initializeSailGeometry matches complete original state, original store ranges, RNG and ordered sounds (960 calls) (7131.063103ms)
✔ sail-geometry fixture bytes have exact unchanged-original native authority (173.533132ms)
✔ sailing helper fixtures identify the original binary and instruction emulator (12.17211ms)
✔ updateTack: every output and residual EAX matches original x86 instructions (29.371411ms)
✔ updateTack: only documented original global fields change (8.046585ms)
✔ spinnakerAnglePenalty: every output and residual EAX matches original x86 instructions (8.954312ms)
✔ spinnakerAnglePenalty: only documented original global fields change (3.798547ms)
✔ scheduleWindShift: every output and residual EAX matches original x86 instructions (7.746927ms)
✔ scheduleWindShift: only documented original global fields change (7.518284ms)
✔ setClosehauledHeading: every output and residual EAX matches original x86 instructions (11.095573ms)
✔ setClosehauledHeading: only documented original global fields change (4.008735ms)
✔ complete original scene composition, including retained shoreline inputs (6570.443301ms)
✔ complete scene-object fixtures identify unchanged original code and complete mutable-state contracts (5.546595ms)
✔ selectNearestSceneObject matches complete original drawing order, complete state, store ranges and RNG (512 calls) (4493.534343ms)
✔ sortSceneDepths matches complete original drawing order, complete state, store ranges and RNG (512 calls) (3432.963315ms)
✔ prepareStartBuoy matches complete original drawing order, complete state, store ranges and RNG (128 calls) (988.841639ms)
✔ drawSceneMark matches complete original drawing order, complete state, store ranges and RNG (512 calls) (3338.607436ms)
✔ drawSceneStartLine matches complete original drawing order, complete state, store ranges and RNG (320 calls) (3420.870846ms)
✔ drawSceneObjects matches complete original drawing order, complete state, store ranges and RNG (480 calls) (3798.884099ms)
✔ scene observations and complete mutable states have unchanged native original authority (262.547967ms)
✔ CW37f native island scenes preserve complete drawing requests and predecessor-frame alias updates (3335.173026ms)
✔ CW37f island scene expectations have unchanged original native authority (151.31492ms)
✔ CW27f native island scenes preserve complete drawing requests and predecessor-frame alias updates (2620.354209ms)
✔ CW27f island scene expectations have unchanged original native authority (181.982896ms)
✔ precision53 screen reference bytes have strict unchanged-original native authority (445.028079ms)
✔ precision53 screen fixtures identify unchanged original code and owned Windows inputs (5.782752ms)
✔ drawAdvice precision53: original text, ordered drawing, complete state and RNG (96 calls) (665.535035ms)
✔ drawDemoNotice precision53: original text, ordered drawing, complete state and RNG (216 calls) (1370.040839ms)
✔ drawForecastScreen precision53: original text, ordered drawing, complete state and RNG (192 calls) (995.759956ms)
✔ drawJibingAdvice precision53: original text, ordered drawing, complete state and RNG (96 calls) (507.456902ms)
✔ drawResultsScreen precision53: original text, ordered drawing, complete state and RNG (144 calls) (842.41773ms)
✔ drawStartScreen precision53: original text, ordered drawing, complete state and RNG (96 calls) (4359.72678ms)
✔ drawTackingAdvice precision53: original text, ordered drawing, complete state and RNG (96 calls) (460.936913ms)
✔ all screen reference bytes have strict unchanged-original native authority (318.775436ms)
✔ screen fixtures identify unchanged original code and owned Windows inputs (1.929691ms)
✔ drawAdvice: original text, ordered drawing, complete state and RNG (96 calls) (597.249697ms)
✔ drawDemoNotice: original text, ordered drawing, complete state and RNG (216 calls) (1368.294563ms)
✔ drawForecastScreen: original text, ordered drawing, complete state and RNG (192 calls) (1321.325926ms)
✔ drawJibingAdvice: original text, ordered drawing, complete state and RNG (96 calls) (515.956259ms)
✔ drawResultsScreen: original text, ordered drawing, complete state and RNG (144 calls) (757.726865ms)
✔ drawStartScreen: original text, ordered drawing, complete state and RNG (96 calls) (3835.289179ms)
✔ drawTackingAdvice: original text, ordered drawing, complete state and RNG (96 calls) (485.347805ms)
✔ masked exceptional shoreline fixtures identify unchanged original code and complete mutable-state contracts (12.517512ms)
✔ drawShoreSegment matches complete original drawing order, complete state, store ranges and RNG (128 calls) (1505.704807ms)
✔ masked exceptional shoreline observations and complete mutable states have unchanged native original authority (208.590645ms)
✔ production shoreline inputs are grounded in unchanged live original consumed reads (30.847311ms)
✔ complete shoreline fixtures identify unchanged original code and complete mutable-state contracts (10.197703ms)
✔ drawProjectedShoreline matches complete original drawing order, complete state, store ranges and RNG (256 calls) (4789.44195ms)
✔ drawShoreSegment matches complete original drawing order, complete state, store ranges and RNG (512 calls) (2708.111585ms)
✔ drawShoreMarker matches complete original drawing order, complete state, store ranges and RNG (320 calls) (832.381115ms)
✔ drawHarborHouse matches complete original drawing order, complete state, store ranges and RNG (320 calls) (530.352075ms)
✔ drawHarborBuilding matches complete original drawing order, complete state, store ranges and RNG (320 calls) (457.367922ms)
✔ drawShoreBuilding matches complete original drawing order, complete state, store ranges and RNG (320 calls) (476.864513ms)
✔ drawShoreHouse matches complete original drawing order, complete state, store ranges and RNG (320 calls) (483.516164ms)
✔ drawLighthouse matches complete original drawing order, complete state, store ranges and RNG (320 calls) (456.658443ms)
✔ drawHeadingIndicator matches complete original drawing order, complete state, store ranges and RNG (320 calls) (534.573267ms)
✔ drawSceneLayline matches complete original drawing order, complete state, store ranges and RNG (320 calls) (589.965724ms)
✔ shoreline observations and complete mutable states have unchanged native original authority (339.067473ms)
✔ spatial wind matches every original return and complete image state (8743.971264ms)
✔ spatial fixtures exercise all weather, overlaps and both players (14.340169ms)
✔ startup random table follows all 68 original sequences and modifies only its 301 integers (494.494497ms)
✔ steering provenance identifies original routines and the observational sound stub (4.507198ms)
✔ updatePlayer1Rudder: 1782 complete original states, exact heading bits, EAX, and ordered sounds match (388.129681ms)
✔ updatePlayer1Steering: 1782 complete original states, exact heading bits, EAX, and ordered sounds match (313.60111ms)
✔ updatePlayer2Steering: 1782 complete original states, exact heading bits, EAX, and ordered sounds match (202.633822ms)
✔ all 144 chained controls preserve exact native heading and control state (15.152607ms)
✔ every sound request matches the exact Windows resource, module, and flag arguments (538.842007ms)
✔ steering writes only its original mutable globals and binary64 heading (32.495247ms)
✔ tutorial1–8 identify original unchanged routines and complete state evidence (5.331286ms)
✔ drawTutorial1: exact original text, colors, coordinates and complete image (128 calls) (723.961029ms)
✔ drawTutorial2: exact original text, colors, coordinates and complete image (128 calls) (482.469988ms)
✔ drawTutorial3: exact original text, colors, coordinates and complete image (128 calls) (372.663821ms)
✔ drawTutorial4: exact original text, colors, coordinates and complete image (128 calls) (362.249058ms)
✔ drawTutorial5: exact original text, colors, coordinates and complete image (128 calls) (360.6759ms)
✔ drawTutorial6: exact original text, colors, coordinates and complete image (128 calls) (391.92225ms)
✔ drawTutorial7: exact original text, colors, coordinates and complete image (128 calls) (326.890553ms)
✔ drawTutorial8: exact original text, colors, coordinates and complete image (128 calls) (312.548099ms)
✔ tutorial source covers31 remaining complete pages, all controls and the original dispatcher (2.425618ms)
✔ all tutorial pages and controls have unchanged native original authority for the canonical fixture (629.664436ms)
✔ drawTutorial101: complete original mutable bytes, ordered requests, stores and RNG (128 calls) (1468.001774ms)
✔ drawTutorial102: complete original mutable bytes, ordered requests, stores and RNG (128 calls) (2204.623845ms)
✔ drawTutorial103: complete original mutable bytes, ordered requests, stores and RNG (128 calls) (1364.402657ms)
✔ drawTutorial104: complete original mutable bytes, ordered requests, stores and RNG (128 calls) (2125.984842ms)
✔ drawTutorial105: complete original mutable bytes, ordered requests, stores and RNG (128 calls) (2673.759802ms)
✔ drawTutorial106: complete original mutable bytes, ordered requests, stores and RNG (128 calls) (2646.883653ms)
✔ drawTutorial107: complete original mutable bytes, ordered requests, stores and RNG (128 calls) (2107.316936ms)
✔ drawTutorial108: complete original mutable bytes, ordered requests, stores and RNG (128 calls) (3292.331873ms)
✔ drawTutorial109: complete original mutable bytes, ordered requests, stores and RNG (128 calls) (2349.250314ms)
✔ drawTutorial110: complete original mutable bytes, ordered requests, stores and RNG (128 calls) (2097.017389ms)
✔ drawTutorial300: complete original mutable bytes, ordered requests, stores and RNG (128 calls) (1111.736072ms)
✔ drawTutorial501: complete original mutable bytes, ordered requests, stores and RNG (128 calls) (1388.928178ms)
✔ drawTutorial502: complete original mutable bytes, ordered requests, stores and RNG (128 calls) (1319.152451ms)
✔ drawTutorial503: complete original mutable bytes, ordered requests, stores and RNG (128 calls) (2108.026184ms)
✔ drawTutorial504: complete original mutable bytes, ordered requests, stores and RNG (128 calls) (1421.201608ms)
✔ drawTutorial505: complete original mutable bytes, ordered requests, stores and RNG (128 calls) (1698.261147ms)
✔ drawTutorial506: complete original mutable bytes, ordered requests, stores and RNG (128 calls) (1418.288326ms)
✔ drawTutorial507: complete original mutable bytes, ordered requests, stores and RNG (128 calls) (1350.299424ms)
✔ drawTutorial508: complete original mutable bytes, ordered requests, stores and RNG (128 calls) (2311.610417ms)
✔ drawTutorial509: complete original mutable bytes, ordered requests, stores and RNG (128 calls) (1156.957685ms)
✔ drawTutorial510: complete original mutable bytes, ordered requests, stores and RNG (128 calls) (1161.15982ms)
✔ drawTutorial511: complete original mutable bytes, ordered requests, stores and RNG (128 calls) (1131.423406ms)
✔ drawTutorial512: complete original mutable bytes, ordered requests, stores and RNG (128 calls) (1466.990495ms)
✔ drawTutorial513: complete original mutable bytes, ordered requests, stores and RNG (128 calls) (2138.426113ms)
✔ drawTutorial514: complete original mutable bytes, ordered requests, stores and RNG (128 calls) (1467.544865ms)
✔ drawTutorial601: complete original mutable bytes, ordered requests, stores and RNG (128 calls) (1126.79051ms)
✔ drawTutorial602: complete original mutable bytes, ordered requests, stores and RNG (128 calls) (1138.988017ms)
✔ drawTutorial603: complete original mutable bytes, ordered requests, stores and RNG (128 calls) (1116.740049ms)
✔ drawTutorial604: complete original mutable bytes, ordered requests, stores and RNG (128 calls) (1119.832296ms)
✔ drawTutorial701: complete original mutable bytes, ordered requests, stores and RNG (128 calls) (1148.508098ms)
✔ drawTutorial400: complete original mutable bytes, ordered requests, stores and RNG (128 calls) (1134.549907ms)
✔ selectBoatTextColor: complete original mutable bytes, ordered requests, stores and RNG (128 calls) (1098.762746ms)
✔ drawTutorialAdvanceButton: complete original mutable bytes, ordered requests, stores and RNG (128 calls) (1124.920333ms)
✔ drawTutorialAdvanceHint: complete original mutable bytes, ordered requests, stores and RNG (128 calls) (1101.588878ms)
✔ drawPauseScreen: complete original mutable bytes, ordered requests, stores and RNG (384 calls) (4309.155046ms)
✔ complete upwind scoring matches original global writes and RNG (5335.221012ms)
✔ global wind provenance and every original state address are confirmed (5.893009ms)
✔ every supported wind sine matches native extended bits and the original input constant (5.013355ms)
✔ all 824 full wind states match native fields, binary64 bits, RNG, and residual EAX (263.382183ms)
✔ 128 chained wind updates retain exact smoothing, scheduling, and random state (35.127827ms)
✔ wind truncates the unrounded extended value after storing binary64 with FST (5.605565ms)
✔ wind writes only its original output globals in reset, smoothing, scheduling, and inactive modes (61.415158ms)
✔ wind rejects uncaptured thermal or tide sine angles before mutating state (17.826586ms)
ℹ tests 363
ℹ suites 0
ℹ pass 363
ℹ fail 0
ℹ cancelled 0
ℹ skipped 0
ℹ todo 0
ℹ duration_ms 110906.911568
✔ signedDegrees: preserved English routine, packed ABI and startup precision authority (3.657988ms)
✔ signedDegrees: exact whole mutable state, extended returns, integer registers and RNG (544.546932ms)
✔ updateTack: preserved English routine, packed ABI and startup precision authority (3.062903ms)
✔ updateTack: exact whole mutable state, extended returns, integer registers and RNG (555.801956ms)
✔ setClosehauledHeading: preserved English routine, packed ABI and startup precision authority (2.978663ms)
✔ setClosehauledHeading: exact whole mutable state, extended returns, integer registers and RNG (782.859686ms)
✔ signedStartDistance: preserved English routine, packed ABI and startup precision authority (2.83982ms)
✔ signedStartDistance: exact whole mutable state, extended returns, integer registers and RNG (267.077877ms)
✔ relativeProjection: preserved English routine, packed ABI and startup precision authority (2.884014ms)
✔ relativeProjection: exact whole mutable state, extended returns, integer registers and RNG (677.633966ms)
✔ targetRelativeBearing: preserved English routine, packed ABI and startup precision authority (2.99266ms)
✔ targetRelativeBearing: exact whole mutable state, extended returns, integer registers and RNG (941.741808ms)
✔ aheadAstern: preserved English routine, packed ABI and startup precision authority (2.66486ms)
✔ aheadAstern: exact whole mutable state, extended returns, integer registers and RNG (422.755364ms)
✔ complete static AI is generated from the exact corrected English C bodies (9.989491ms)
✔ updateBoatWindAndAI: unchanged original instructions, explicit initialized inputs and startup precision (3.237242ms)
✔ updateBoatWindAndAI: whole mutable bytes, actual return, retained RNG and ordered original sounds (2782.729519ms)
✔ chooseDownwindHeading: unchanged original instructions, explicit initialized inputs and startup precision (3.171738ms)
✔ chooseDownwindHeading: whole mutable bytes, actual return, retained RNG and ordered original sounds (1285.852126ms)
✔ scoreDownwindTurn: unchanged original instructions, explicit initialized inputs and startup precision (2.956901ms)
✔ scoreDownwindTurn: whole mutable bytes, actual return, retained RNG and ordered original sounds (1268.619676ms)
✔ sampleSpatialWind: unchanged original instructions, explicit initialized inputs and startup precision (3.06207ms)
✔ sampleSpatialWind: whole mutable bytes, actual return, retained RNG and ordered original sounds (2882.241346ms)
✔ updateUpwindTactics: unchanged original instructions, explicit initialized inputs and startup precision (3.902028ms)
✔ updateUpwindTactics: whole mutable bytes, actual return, retained RNG and ordered original sounds (1028.883982ms)
✔ updateCollisionAvoidance: unchanged original instructions, explicit initialized inputs and startup precision (2.837916ms)
✔ updateCollisionAvoidance: whole mutable bytes, actual return, retained RNG and ordered original sounds (572.218583ms)
✔ avoidAiCollision: unchanged original instructions, explicit initialized inputs and startup precision (2.992148ms)
✔ avoidAiCollision: whole mutable bytes, actual return, retained RNG and ordered original sounds (408.72843ms)
✔ warnHumanRightOfWay: unchanged original instructions, explicit initialized inputs and startup precision (2.898521ms)
✔ warnHumanRightOfWay: whole mutable bytes, actual return, retained RNG and ordered original sounds (376.545713ms)
✔ requestRightOfWaySound: unchanged original instructions, explicit initialized inputs and startup precision (2.856161ms)
✔ requestRightOfWaySound: whole mutable bytes, actual return, retained RNG and ordered original sounds (417.556792ms)
✔ sampleVenueWind: unchanged original instructions, explicit initialized inputs and startup precision (2.87696ms)
✔ sampleVenueWind: whole mutable bytes, actual return, retained RNG and ordered original sounds (3330.139342ms)
✔ apparent wind:unchanged original native code and PC53 evidence (3.408706ms)
✔ apparent wind:exact stored force/F80 return, vector fields and complete state (6309.701041ms)
✖ constructor/archive references execute both complete original bodies with explicit host normalization (4.052693ms)
✔ 58 complete constructors match all native mutable bytes, RNG and90 ordered GDI requests each (105.933558ms)
✔ 58 original archive saves match exact636bytes and demo session-store ordering (39.217055ms)
✔ normalization retains complete native raw allocator, TLS and GDI-handle evidence (69.863413ms)
✔ complete boat dynamics:original unchanged native code and PC53 evidence (3.439283ms)
✔ complete boat dynamics:every mutable byte, RNG and ordered sounds match original code (12085.160016ms)
✔ 2010 boat evidence executes unchanged original code in the observed precision (3.304188ms)
✔ all 1677 full boat-option states, floating bits and residual EAX match native original code (1684.726383ms)
✔ one shared paint clock crosses unsigned wrap and retains its epoch between paints (1.021361ms)
✔ original 30/60/80ms tick thresholds become scheduler duration with bounded work (2.167668ms)
✔ 2010 demo: exact original requests/state/text/RNG (54.232051ms)
✔ 2010 results: exact original requests/state/text/RNG (39.967931ms)
✔ 2010 advice: exact original requests/state/text/RNG (42.102756ms)
✔ 2010 jibe: exact original requests/state/text/RNG (27.110701ms)
✔ 2010 tack: exact original requests/state/text/RNG (38.91506ms)
✔ 2010 text-color: exact original requests/state/text/RNG (20.598466ms)
✔ 2010 advance-button: exact original requests/state/text/RNG (26.209145ms)
✔ 2010 advance-hint: exact original requests/state/text/RNG (21.113771ms)
✔ 2010 depth-sort: exact original requests/state/text/RNG (20.362271ms)
✔ 2010 depth-select: exact original requests/state/text/RNG (23.270168ms)
✔ configuration:original preserved-code and precision evidence (3.70245ms)
✔ configuration:all complete course, venue, floating, preserved bytes and RNG match native code (11281.91154ms)
✔ the original controller source and retained MFC host binding evidence are explicit (6.580071ms)
✔ 2010 keyboard: 2192 strict native whole-state/RNG/ordered callback cases (925.739647ms)
✔ 2010 menu commands: 2481 strict native whole-state/RNG/ordered callback cases (1023.421983ms)
✔ 2010 CCmdUI updates: 2488 strict native whole-state/RNG/ordered callback cases (1026.8523ms)
✔ 2010 left button: 88 strict native whole-state/RNG/ordered callback cases (34.239805ms)
✔ 2010 right button: 88 strict native whole-state/RNG/ordered callback cases (38.203248ms)
✔ 2010 mouse move: 88 strict native whole-state/RNG/ordered callback cases (37.085827ms)
✔ 2010 wheel: 144 strict native whole-state/RNG/ordered callback cases (52.868054ms)
✔ 2010 dialog radios: 88 strict native whole-state/RNG/ordered callback cases (38.318187ms)
✔ modal command tails run after an asynchronous dialog resolves, including Cancel (0.996253ms)
✔ initializeCourse:original preserved-code and PC53 evidence (3.474409ms)
✔ initializeCourse:complete mark/target writes, RNG and all mutable bytes match native code (1984.231171ms)
✔ sampleAttenuationDistance:original preserved-code and PC53 evidence (3.352248ms)
✔ sampleAttenuationDistance:complete state, return, feedback and RNG match native code (5428.23448ms)
✔ shorelineDirections:original preserved-code and PC53 evidence (2.774355ms)
✔ shorelineDirections:complete state, return, feedback and RNG match native code (685.648494ms)
✔ sampleCurrent:original preserved-code and PC53 evidence (2.749749ms)
✔ sampleCurrent:complete state, return, feedback and RNG match native code (1926.623602ms)
✔ sampleVenueCurrent:original preserved-code and PC53 evidence (2.84041ms)
✔ sampleVenueCurrent:complete state, return, feedback and RNG match native code (35864.470288ms)
✔ custom venue:original preserved-code and precision evidence (3.438329ms)
✔ custom venue:all preset writes, generated vertices, target bytes and RNG match native code (4663.949264ms)
✔ unknown register spills retain undefined bytes until original stores define them (1.287163ms)
✔ an unused argument propagates unknown bytes and still fails if the callee reads them (0.270522ms)
✔ CString object inputs retain semantic boat names independently of allocator identities (0.208484ms)
✔ raw DWORD extraction reconstructs floating bits independently of numeric truncation (0.449179ms)
✔ original scene DWORD constructions preserve binary64 values rather than numeric integer casts (0.19035ms)
✔ packed double argument slots preserve the untouched word after an original DWORD write (0.194177ms)
✔ partial three-byte state reads preserve the remaining byte and avoid a four-byte access (0.154692ms)
✔ CDC virtual pointers and semantic CString data preserve their separate meanings (0.763463ms)
✔ HUD branch reference retains the original target and exercises every declared text branch (6.059173ms)
✔ all HUD text branches match unchanged native state, strings, RNG, sound and ordered requests (93.493638ms)
✔ 2010 hud: complete original state/text/request authority (79.177365ms)
✔ 2010 compact-hud: complete original state/text/request authority (50.187417ms)
✔ 2010 hud-nearest: complete original state/text/request authority (40.091102ms)
✔ placeStartingBoats:original unchanged native code and legitimate boat-count evidence (3.207903ms)
✔ placeStartingBoats:complete state, names, RNG and ordered sounds match original native code (3029.929132ms)
✔ initializeBoats:original unchanged native code and legitimate boat-count evidence (2.818107ms)
✔ initializeBoats:complete state, names, RNG and ordered sounds match original native code (3136.377031ms)
✔ initializeRace:original unchanged native code and legitimate boat-count evidence (2.96245ms)
✔ initializeRace:complete state, names, RNG and ordered sounds match original native code (6061.371426ms)
✔ island chart authority is fresh unchanged original initialization with both original panels (3.241327ms)
✔ both retained island charts match all native bytes, names, RNG, sounds and GDI (98.860623ms)
✔ explicit clock-zero inputs exercise the original chart body with exact native state and GDI (72.188309ms)
✔ initialized screens retain original code, caller state, names and constructor GDI evidence (4.379177ms)
✔ selector1-initialized-screens: public screens match retained native state, names, RNG, sound and drawing order (84.084543ms)
✔ selector7-initialized-screens: public screens match retained native state, names, RNG, sound and drawing order (45.513719ms)
✔ selector12-initialized-screens: public screens match retained native state, names, RNG, sound and drawing order (45.526693ms)
✔ selector17-initialized-screens: public screens match retained native state, names, RNG, sound and drawing order (44.132477ms)
✔ selector26-initialized-screens: public screens match retained native state, names, RNG, sound and drawing order (46.619228ms)
✔ selector27-initialized-screens: public screens match retained native state, names, RNG, sound and drawing order (43.304683ms)
✔ initialized venue evidence preserves original startup inputs and exercised CDC aliases (6.416759ms)
✔ venue2: retained native options/race/scene/chart state and ordered GDI (999.751646ms)
✔ venue6: retained native options/race/scene/chart state and ordered GDI (517.379496ms)
✔ venue9: retained native options/race/scene/chart state and ordered GDI (1903.550162ms)
✔ venue106: retained native options/race/scene/chart state and ordered GDI (344.329459ms)
✔ clamped-point-distance: strict full mutable bytes, RNG, F80 and ordered sounds (87.246417ms)
✔ nearest-waypoint: strict full mutable bytes, RNG, F80 and ordered sounds (361.562492ms)
✔ respawn-waypoint: strict full mutable bytes, RNG, F80 and ordered sounds (154.456884ms)
✔ integration: strict full mutable bytes, RNG, F80 and ordered sounds (558.242949ms)
✔ shore model seeds only the observed caller slots and retains the real POINT alias (2.516406ms)
✔ production initial reference is pinned to two actual normal UI caller observations (4.995983ms)
✔ original-island-shore-context: ten retained original calls match all bytes, names, RNG, sounds and GDI (987.721402ms)
✔ original-island-shore-context-repeat: ten retained original calls match all bytes, names, RNG, sounds and GDI (841.146292ms)
✖ modal references come from genuine intact original Windows dialogs with unchanged instructions (4.601868ms)
✔ 2010 actual dialog132 control1008 OK: exact observed fields and ordered host calls (3.266504ms)
✔ 2010 actual dialog132 control1013 Cancel: exact observed fields and ordered host calls (1.354911ms)
✔ 2010 actual dialog132 control1024 OK: exact observed fields and ordered host calls (1.353098ms)
✔ 2010 actual dialog132 control1025 Cancel: exact observed fields and ordered host calls (1.175251ms)
✔ 2010 actual dialog131 control1006 OK: exact observed fields and ordered host calls (1.976085ms)
✔ 2010 actual dialog131 control1000 Cancel: exact observed fields and ordered host calls (1.40234ms)
✔ 2010 actual dialog131 control1004 OK: exact observed fields and ordered host calls (1.172867ms)
✔ 2010 actual dialog131 control1003 Cancel: exact observed fields and ordered host calls (1.210859ms)
✔ distance: strict full original mutable state, RNG and floating return (806.448123ms)
✔ reset-boat: strict full original mutable state, RNG and floating return (1002.853625ms)
✔ trails: strict full original mutable state, RNG and floating return (69.909526ms)
✔ waypoint-history: strict full original mutable state, RNG and floating return (32.651284ms)
✔ respawnNearStart:preserved original native instructions and PC53 evidence (3.410015ms)
✔ respawnNearStart:complete connected state, RNG, returns and ordered sounds match native code (120.413473ms)
✔ shiftPenaltyPosition:preserved original native instructions and PC53 evidence (3.859735ms)
✔ shiftPenaltyPosition:complete connected state, RNG, returns and ordered sounds match native code (643.887987ms)
✔ checkNearRaceMarks:preserved original native instructions and PC53 evidence (3.23296ms)
✔ checkNearRaceMarks:complete connected state, RNG, returns and ordered sounds match native code (487.620897ms)
✔ collisionPenalty:preserved original native instructions and PC53 evidence (2.79874ms)
✔ collisionPenalty:complete connected state, RNG, returns and ordered sounds match native code (541.701321ms)
✔ updateMarkStartPenalties:preserved original native instructions and PC53 evidence (2.957951ms)
✔ updateMarkStartPenalties:complete connected state, RNG, returns and ordered sounds match native code (108.812625ms)
✔ updateInterference:preserved original native instructions and PC53 evidence (2.597219ms)
✔ updateInterference:complete connected state, RNG, returns and ordered sounds match native code (369.259ms)
✔ updateSpinnakerDrag:preserved original native instructions and PC53 evidence (2.858162ms)
✔ updateSpinnakerDrag:complete connected state, RNG, returns and ordered sounds match native code (146.716306ms)
✔ prestartSpeedPercent:preserved original native instructions and PC53 evidence (2.694313ms)
✔ prestartSpeedPercent:complete connected state, RNG, returns and ordered sounds match native code (208.277852ms)
✔ Full target advancement: entire original state, RNG and ordered sounds across dynamic course/finish branches (1589.11524ms)
✔ standard-course1-constructor-graphics-normal-start: original start prefix, real controller calls and explicit paint-caller stores (4.816203ms)
✔ standard-course1-constructor-graphics-normal-start: retained state, CString/RNG, sound, GDI and ordered UI callbacks are native exact (20129.97357ms)
✔ course1-to-round-island-constructor-graphics-normal-start: original start prefix, real controller calls and explicit paint-caller stores (16.208382ms)
✔ course1-to-round-island-constructor-graphics-normal-start: retained state, CString/RNG, sound, GDI and ordered UI callbacks are native exact (7420.887747ms)
✔ retained full frames (3 profiles): original initialization and all actual children, declared caller cadence only (7.342767ms)
✔ standard-course1-prestart: 100 continuous full frames match native state, text, RNG, sounds and drawing order (87439.454619ms)
✔ offshore-course8-started: 100 continuous full frames match native state, text, RNG, sounds and drawing order (74980.64778ms)
✔ coastal-venue5-two-human-started: 100 continuous full frames match native state, text, RNG, sounds and drawing order (95595.555176ms)
✔ retained full frames (1 profiles): original initialization and all actual children, declared caller cadence only (3.387658ms)
✔ standard-course1-constructor-graphics: 100 continuous full frames match native state, text, RNG, sounds and drawing order (85078.101004ms)
✔ original-retained-dynamics-integration.json:unchanged original code, retained chains and live CString/RNG evidence (4.7716ms)
✔ original-retained-dynamics-integration.json:every live mutable byte, original name, RNG and ordered sound matches (21146.7415ms)
✔ original-retained-integration-expanded-0.json:unchanged original code, retained chains and live CString/RNG evidence (3.316142ms)
✔ original-retained-integration-expanded-0.json:every live mutable byte, original name, RNG and ordered sound matches (10336.66528ms)
✔ original-retained-integration-expanded-1.json:unchanged original code, retained chains and live CString/RNG evidence (2.930513ms)
✔ original-retained-integration-expanded-1.json:every live mutable byte, original name, RNG and ordered sound matches (13436.303972ms)
✔ original-retained-integration-expanded-2.json:unchanged original code, retained chains and live CString/RNG evidence (3.336209ms)
✔ original-retained-integration-expanded-2.json:every live mutable byte, original name, RNG and ordered sound matches (38550.243111ms)
✔ original-retained-integration-expanded-3.json:unchanged original code, retained chains and live CString/RNG evidence (3.310831ms)
✔ original-retained-integration-expanded-3.json:every live mutable byte, original name, RNG and ordered sound matches (36313.28012ms)
✔ original-retained-integration-expanded-4.json:unchanged original code, retained chains and live CString/RNG evidence (4.74562ms)
✔ original-retained-integration-expanded-4.json:every live mutable byte, original name, RNG and ordered sound matches (30880.808529ms)
✔ original-retained-integration-expanded-5.json:unchanged original code, retained chains and live CString/RNG evidence (3.11463ms)
✔ original-retained-integration-expanded-5.json:every live mutable byte, original name, RNG and ordered sound matches (29963.159125ms)
✔ original-retained-integration-expanded-6.json:unchanged original code, retained chains and live CString/RNG evidence (3.196625ms)
✔ original-retained-integration-expanded-6.json:every live mutable byte, original name, RNG and ordered sound matches (11468.44504ms)
✔ original-retained-integration-modes.json:unchanged original code, retained chains and live CString/RNG evidence (3.711566ms)
✔ original-retained-integration-modes.json:every live mutable byte, original name, RNG and ordered sound matches (18386.773673ms)
✔ original-retained-integration.json:unchanged original code, retained chains and live CString/RNG evidence (5.132399ms)
✔ original-retained-integration.json:every live mutable byte, original name, RNG and ordered sound matches (39034.989573ms)
✔ 2010 sail geometry uses fresh original native output and only declared older finite inputs (20.490508ms)
✔ mapped2002-finite-input-domain: 960 complete sail geometry calls match original native bits (1522.707008ms)
✔ all27-original-selector-subtypes: 216 complete sail geometry calls match original native bits (332.491555ms)
✔ trim-jib-and-human-versus-ai: 180 complete sail geometry calls match original native bits (290.761413ms)
✔ jib-angle-spinnaker-and-override-boundaries: 540 complete sail geometry calls match original native bits (831.702455ms)
✔ heel-and-depower-cutoffs: 270 complete sail geometry calls match original native bits (440.878339ms)
✔ curvature-and-heading-thresholds: 441 complete sail geometry calls match original native bits (710.258992ms)
✔ board-drift-truncation-and-signed-zero: 48 complete sail geometry calls match original native bits (80.570027ms)
✔ finite-height-width-binary64-boundaries: 150 complete sail geometry calls match original native bits (256.800536ms)
✔ new-classes-full-index-strides: 36 complete sail geometry calls match original native bits (61.632139ms)
✔ raw-subtype-exact-one-and-positive-tests: 130 complete sail geometry calls match original native bits (224.107463ms)
✔ signed random helper reference covers its original guard and divisor boundaries (4.342928ms)
✔ 45 original signed-range calls match exact returns, RNG, all mutable bytes and immutable scope (102.987062ms)
✔ complete 2010 snapshots match every native mutable byte, including retained save/restore chains (91.200162ms)
✔ snapshot fixture contains original signed-count boundaries, all30 boats and native continuation (0.564045ms)
✔ projectPoint:original preserved-code and precision evidence (3.509364ms)
✔ projectPoint:whole state, exactextended return, stored bits and RNG match native code (142.497353ms)
✔ sampleShorelineMetric:original preserved-code and precision evidence (3.742214ms)
✔ sampleShorelineMetric:whole state, exactextended return, stored bits and RNG match native code (289.963715ms)
✔ sampleSpatialMetric:original preserved-code and precision evidence (2.98262ms)
✔ sampleSpatialMetric:whole state, exactextended return, stored bits and RNG match native code (1387.629323ms)
✔ sampleRadialMetric:original preserved-code and precision evidence (2.873735ms)
✔ sampleRadialMetric:whole state, exactextended return, stored bits and RNG match native code (295.760045ms)
✔ sampleVenueMetric:original preserved-code and precision evidence (2.810344ms)
✔ sampleVenueMetric:whole state, exactextended return, stored bits and RNG match native code (2095.943592ms)
✔ pointInXStrip:original preserved-code and precision evidence (2.843728ms)
✔ pointInXStrip:whole state, exactextended return, stored bits and RNG match native code (81.205956ms)
✔ pointInYStrip:original preserved-code and precision evidence (2.482606ms)
✔ pointInYStrip:whole state, exactextended return, stored bits and RNG match native code (55.87432ms)
✔ updatePlayer1Rudder: entire original state, RNG, return and ordered sounds (2214.642711ms)
✔ updatePlayer1Steering: entire original state, RNG, return and ordered sounds (2149.330458ms)
✔ updatePlayer2Steering: entire original state, RNG, return and ordered sounds (1902.546035ms)
✔ updatePlayer1Rudder: entire original state, RNG, return and ordered sounds (45.139896ms)
✔ initializeShoreline:original preserved-code and precision evidence (3.580619ms)
✔ initializeShoreline:every geometry byte, exact floating field and RNG match native code (1305.607703ms)
✔ initializeEllipse:original preserved-code and precision evidence (3.192406ms)
✔ initializeEllipse:every geometry byte, exact floating field and RNG match native code (1308.948053ms)
✔ initializeAdvancedTerrain:original preserved-code and precision evidence (2.96655ms)
✔ initializeAdvancedTerrain:every geometry byte, exact floating field and RNG match native code (2552.317889ms)
✔ 2010 tutorial 1: all ordered original requests and complete state (61.788472ms)
✔ 2010 tutorial 2: all ordered original requests and complete state (36.367277ms)
✔ 2010 tutorial 3: all ordered original requests and complete state (41.640561ms)
✔ 2010 tutorial 4: all ordered original requests and complete state (42.094077ms)
✔ 2010 tutorial 5: all ordered original requests and complete state (35.196978ms)
✔ 2010 tutorial 6: all ordered original requests and complete state (37.379217ms)
✔ 2010 tutorial 7: all ordered original requests and complete state (32.276615ms)
✔ 2010 tutorial 8: all ordered original requests and complete state (47.250631ms)
✔ drawTutorial10: complete unchanged original state, names, sound and drawing order (124.121983ms)
✔ drawTutorial11: complete unchanged original state, names, sound and drawing order (109.241615ms)
✔ drawTutorial12: complete unchanged original state, names, sound and drawing order (68.154779ms)
✔ drawTutorial101: complete unchanged original state, names, sound and drawing order (674.779013ms)
✔ drawTutorial102: complete unchanged original state, names, sound and drawing order (441.47116ms)
✔ drawTutorial103: complete unchanged original state, names, sound and drawing order (776.453572ms)
✔ drawTutorial104: complete unchanged original state, names, sound and drawing order (488.442373ms)
✔ drawTutorial105: complete unchanged original state, names, sound and drawing order (597.892589ms)
✔ drawTutorial106: complete unchanged original state, names, sound and drawing order (655.827466ms)
✔ drawTutorial107: complete unchanged original state, names, sound and drawing order (417.544535ms)
✔ drawTutorial108: complete unchanged original state, names, sound and drawing order (846.181927ms)
✔ drawTutorial109: complete unchanged original state, names, sound and drawing order (513.641856ms)
✔ drawTutorial110: complete unchanged original state, names, sound and drawing order (415.712164ms)
✔ drawTutorial300: complete unchanged original state, names, sound and drawing order (56.020945ms)
✔ drawTutorial501: complete unchanged original state, names, sound and drawing order (591.330249ms)
✔ drawTutorial502: complete unchanged original state, names, sound and drawing order (598.027179ms)
✔ drawTutorial503: complete unchanged original state, names, sound and drawing order (424.637901ms)
✔ drawTutorial504: complete unchanged original state, names, sound and drawing order (427.939122ms)
✔ drawTutorial505: complete unchanged original state, names, sound and drawing order (429.035211ms)
✔ drawTutorial506: complete unchanged original state, names, sound and drawing order (435.554817ms)
✔ drawTutorial507: complete unchanged original state, names, sound and drawing order (426.011212ms)
✔ drawTutorial508: complete unchanged original state, names, sound and drawing order (577.931314ms)
✔ drawTutorial509: complete unchanged original state, names, sound and drawing order (76.7385ms)
✔ drawTutorial510: complete unchanged original state, names, sound and drawing order (89.545214ms)
✔ drawTutorial511: complete unchanged original state, names, sound and drawing order (95.605964ms)
✔ drawTutorial512: complete unchanged original state, names, sound and drawing order (1076.27701ms)
✔ drawTutorial513: complete unchanged original state, names, sound and drawing order (1032.683613ms)
✔ drawTutorial514: complete unchanged original state, names, sound and drawing order (1038.602863ms)
✔ drawTutorial601: complete unchanged original state, names, sound and drawing order (66.615171ms)
✔ drawTutorial602: complete unchanged original state, names, sound and drawing order (60.878443ms)
✔ drawTutorial603: complete unchanged original state, names, sound and drawing order (62.880531ms)
✔ drawTutorial604: complete unchanged original state, names, sound and drawing order (77.380191ms)
✔ drawTutorial701: complete unchanged original state, names, sound and drawing order (75.403289ms)
✔ drawTutorial400: complete unchanged original state, names, sound and drawing order (120.248878ms)
✔ venue1:original preserved-code and precision evidence (3.437719ms)
✔ venue1:every vertex, state byte and RNG matches native code (285.469586ms)
✔ venue2:original preserved-code and precision evidence (3.094241ms)
✔ venue2:every vertex, state byte and RNG matches native code (261.922818ms)
✔ venue3:original preserved-code and precision evidence (3.006735ms)
✔ venue3:every vertex, state byte and RNG matches native code (212.378881ms)
✔ venue4:original preserved-code and precision evidence (2.54831ms)
✔ venue4:every vertex, state byte and RNG matches native code (155.206254ms)
✔ venue6:original preserved-code and precision evidence (2.939779ms)
✔ venue6:every vertex, state byte and RNG matches native code (195.858948ms)
✔ venue7:original preserved-code and precision evidence (2.879786ms)
✔ venue7:every vertex, state byte and RNG matches native code (208.583807ms)
✔ venue9:original preserved-code and precision evidence (2.510799ms)
✔ venue9:every vertex, state byte and RNG matches native code (182.865573ms)
✔ venue10:original preserved-code and precision evidence (2.949857ms)
✔ venue10:every vertex, state byte and RNG matches native code (167.939117ms)
✔ venue11:original preserved-code and precision evidence (2.650954ms)
✔ venue11:every vertex, state byte and RNG matches native code (235.168428ms)
✔ venue12:original preserved-code and precision evidence (2.584328ms)
✔ venue12:every vertex, state byte and RNG matches native code (187.754801ms)
✔ venue100:original preserved-code and precision evidence (2.590771ms)
✔ venue100:every vertex, state byte and RNG matches native code (190.731339ms)
✔ venue101:original preserved-code and precision evidence (2.486443ms)
✔ venue101:every vertex, state byte and RNG matches native code (232.82809ms)
✔ venue102:original preserved-code and precision evidence (2.519586ms)
✔ venue102:every vertex, state byte and RNG matches native code (191.185746ms)
✔ venue103:original preserved-code and precision evidence (2.489649ms)
✔ venue103:every vertex, state byte and RNG matches native code (218.399895ms)
✔ venue104:original preserved-code and precision evidence (2.67008ms)
✔ venue104:every vertex, state byte and RNG matches native code (193.406629ms)
✔ venue105:original preserved-code and precision evidence (2.525337ms)
✔ venue105:every vertex, state byte and RNG matches native code (238.970323ms)
✔ venue106:original preserved-code and precision evidence (2.450015ms)
✔ venue106:every vertex, state byte and RNG matches native code (172.147721ms)
✔ wave motion executes the entire unchanged original no-argument body at startup precision (4.144333ms)
✔ wave motion matches every native byte, retained RNG, raw F64 spill and ordered sound request (3214.547199ms)
✔ distance guards preserve extended results and failures under CW27f (51.700538ms)
✔ distance guards preserve extended results and failures under CW37f (71.190146ms)
✔ initializeWind:original preserved-code and precision evidence (3.653406ms)
✔ initializeWind:every complete mutable state, exact floating bits and RNG match native code (1304.750055ms)
✔ initializeTide:original preserved-code and precision evidence (3.021744ms)
✔ initializeTide:every complete mutable state, exact floating bits and RNG match native code (1982.384305ms)
✔ initializeWindSources:original preserved-code and precision evidence (2.840672ms)
✔ initializeWindSources:every complete mutable state, exact floating bits and RNG match native code (175.664307ms)
✔ respawnWindPatch:original preserved-code and precision evidence (2.883513ms)
✔ respawnWindPatch:every complete mutable state, exact floating bits and RNG match native code (714.385843ms)
✔ updateGlobalWind:native source, precision and complete typed address map (3.508593ms)
✔ updateGlobalWind:every native case matches full state, exact floating bits, RNG and return (2557.129685ms)
✔ scheduleWindShift:native source, precision and complete typed address map (2.792431ms)
✔ scheduleWindShift:every native case matches full state, exact floating bits, RNG and return (359.151657ms)
✔ bearingFromVector:native source, precision and complete typed address map (3.031662ms)
✔ bearingFromVector:every native case matches full state, exact floating bits, RNG and return (1235.261034ms)
ℹ tests 316
ℹ suites 0
ℹ pass 314
ℹ fail 2
ℹ cancelled 0
ℹ skipped 0
ℹ todo 0
ℹ duration_ms 817505.59775

✖ failing tests:

test at versions/2010-en/tests/application.test.js:24:1
✖ constructor/archive references execute both complete original bodies with explicit host normalization (4.052693ms)
  Error: ENOENT: no such file or directory, open '/tmp/tact-2010-staged-bT4G8J/versions/2010-en/analysis/application-runners/native_reference.c'
      at async open (node:internal/fs/promises:697:25)
      at async readFile (node:internal/fs/promises:1348:14)
      at async TestContext.<anonymous> (file:///tmp/tact-2010-staged-bT4G8J/versions/2010-en/tests/application.test.js:35:22)
      at async Test.run (node:internal/test_runner/test:1389:7)
      at async startSubtestAfterBootstrap (node:internal/test_runner/harness:387:3) {
    errno: -2,
    code: 'ENOENT',
    syscall: 'open',
    path: '/tmp/tact-2010-staged-bT4G8J/versions/2010-en/analysis/application-runners/native_reference.c'
  }

test at versions/2010-en/tests/modal-lifecycles.test.js:15:1
✖ modal references come from genuine intact original Windows dialogs with unchanged instructions (4.601868ms)
  Error: ENOENT: no such file or directory, open '/tmp/tact-2010-staged-bT4G8J/versions/2010-en/analysis/native-modal-observer.exe'
      at async open (node:internal/fs/promises:697:25)
      at async readFile (node:internal/fs/promises:1348:14)
      at async TestContext.<anonymous> (file:///tmp/tact-2010-staged-bT4G8J/versions/2010-en/tests/modal-lifecycles.test.js:23:17)
      at async Test.run (node:internal/test_runner/test:1389:7)
      at async startSubtestAfterBootstrap (node:internal/test_runner/harness:387:3) {
    errno: -2,
    code: 'ENOENT',
    syscall: 'open',
    path: '/tmp/tact-2010-staged-bT4G8J/versions/2010-en/analysis/native-modal-observer.exe'
  }
