✔ signedDegrees: preserved English routine, packed ABI and startup precision authority (3.468619ms)
✔ signedDegrees: exact whole mutable state, extended returns, integer registers and RNG (647.815576ms)
✔ updateTack: preserved English routine, packed ABI and startup precision authority (3.146004ms)
✔ updateTack: exact whole mutable state, extended returns, integer registers and RNG (643.272342ms)
✔ setClosehauledHeading: preserved English routine, packed ABI and startup precision authority (3.039212ms)
✔ setClosehauledHeading: exact whole mutable state, extended returns, integer registers and RNG (864.161741ms)
✔ signedStartDistance: preserved English routine, packed ABI and startup precision authority (3.115916ms)
✔ signedStartDistance: exact whole mutable state, extended returns, integer registers and RNG (343.219007ms)
✔ relativeProjection: preserved English routine, packed ABI and startup precision authority (3.026949ms)
✔ relativeProjection: exact whole mutable state, extended returns, integer registers and RNG (828.522884ms)
✔ targetRelativeBearing: preserved English routine, packed ABI and startup precision authority (3.09647ms)
✔ targetRelativeBearing: exact whole mutable state, extended returns, integer registers and RNG (1108.181826ms)
✔ aheadAstern: preserved English routine, packed ABI and startup precision authority (2.73475ms)
✔ aheadAstern: exact whole mutable state, extended returns, integer registers and RNG (480.692516ms)
✔ complete static AI is generated from the exact corrected English C bodies (9.670717ms)
✔ updateBoatWindAndAI: unchanged original instructions, explicit initialized inputs and startup precision (3.231224ms)
✔ updateBoatWindAndAI: whole mutable bytes, actual return, retained RNG and ordered original sounds (2828.599206ms)
✔ chooseDownwindHeading: unchanged original instructions, explicit initialized inputs and startup precision (3.150462ms)
✔ chooseDownwindHeading: whole mutable bytes, actual return, retained RNG and ordered original sounds (1410.44893ms)
✔ scoreDownwindTurn: unchanged original instructions, explicit initialized inputs and startup precision (3.097091ms)
✔ scoreDownwindTurn: whole mutable bytes, actual return, retained RNG and ordered original sounds (1412.109422ms)
✔ sampleSpatialWind: unchanged original instructions, explicit initialized inputs and startup precision (3.034474ms)
✔ sampleSpatialWind: whole mutable bytes, actual return, retained RNG and ordered original sounds (2999.73258ms)
✔ updateUpwindTactics: unchanged original instructions, explicit initialized inputs and startup precision (3.522051ms)
✔ updateUpwindTactics: whole mutable bytes, actual return, retained RNG and ordered original sounds (1047.889902ms)
✔ updateCollisionAvoidance: unchanged original instructions, explicit initialized inputs and startup precision (2.82487ms)
✔ updateCollisionAvoidance: whole mutable bytes, actual return, retained RNG and ordered original sounds (567.083758ms)
✔ avoidAiCollision: unchanged original instructions, explicit initialized inputs and startup precision (2.840119ms)
✔ avoidAiCollision: whole mutable bytes, actual return, retained RNG and ordered original sounds (410.268553ms)
✔ warnHumanRightOfWay: unchanged original instructions, explicit initialized inputs and startup precision (2.896304ms)
✔ warnHumanRightOfWay: whole mutable bytes, actual return, retained RNG and ordered original sounds (397.829192ms)
✔ requestRightOfWaySound: unchanged original instructions, explicit initialized inputs and startup precision (3.037048ms)
✔ requestRightOfWaySound: whole mutable bytes, actual return, retained RNG and ordered original sounds (447.771667ms)
✔ sampleVenueWind: unchanged original instructions, explicit initialized inputs and startup precision (2.858333ms)
✔ sampleVenueWind: whole mutable bytes, actual return, retained RNG and ordered original sounds (3345.740459ms)
✔ constructor/archive references execute both complete original bodies with explicit host normalization (22.065359ms)
✔ 58 complete constructors match all native mutable bytes, RNG and90 ordered GDI requests each (76.167112ms)
✔ 58 original archive saves match exact636bytes and demo session-store ordering (36.71036ms)
✔ normalization retains complete native raw allocator, TLS and GDI-handle evidence (65.676701ms)
✔ board turn matrix covers original speed stride and the exact completion gates (4.247815ms)
✔ complete board AI matches every native mutable byte, retained RNG and ordered sound (1050.510958ms)
✔ modal references come from genuine intact original Windows dialogs with unchanged instructions (4.693173ms)
✔ 2010 actual dialog132 control1008 OK: exact observed fields and ordered host calls (2.709754ms)
✔ 2010 actual dialog132 control1013 Cancel: exact observed fields and ordered host calls (1.242095ms)
✔ 2010 actual dialog132 control1024 OK: exact observed fields and ordered host calls (1.169709ms)
✔ 2010 actual dialog132 control1025 Cancel: exact observed fields and ordered host calls (1.150312ms)
✔ 2010 actual dialog131 control1006 OK: exact observed fields and ordered host calls (1.360808ms)
✔ 2010 actual dialog131 control1000 Cancel: exact observed fields and ordered host calls (1.232306ms)
✔ 2010 actual dialog131 control1004 OK: exact observed fields and ordered host calls (1.185259ms)
✔ 2010 actual dialog131 control1003 Cancel: exact observed fields and ordered host calls (1.277462ms)
ℹ tests 50
ℹ suites 0
ℹ pass 50
ℹ fail 0
ℹ cancelled 0
ℹ skipped 0
ℹ todo 0
ℹ duration_ms 26170.41312
